// Jest Snapshot v1, https://goo.gl/fbAQLP

exports[`Snapshot test for UploadImage 1`] = `<div />`;
