// Jest Snapshot v1, https://goo.gl/fbAQLP

exports[`Snapshot test for InputImage 1`] = `<div />`;
