// Jest Snapshot v1, https://goo.gl/fbAQLP

exports[`Snapshot test for PreviewImage 1`] = `
<img
  alt="preview"
  className="makeStyles-root-1"
  src="test"
/>
`;

exports[`Snapshot test for PreviewImage empty 1`] = `
<div
  className="makeStyles-message-2"
>
  Please select image file
</div>
`;
