// Jest Snapshot v1, https://goo.gl/fbAQLP

exports[`Snapshot test for Result 1`] = `
<div
  className="MuiPaper-root makeStyles-root-1 MuiPaper-elevation1 MuiPaper-rounded"
>
  <div
    className="makeStyles-color-2"
    style={
      Object {
        "backgroundColor": "#fff",
      }
    }
  />
  <div
    className="makeStyles-color-2"
    style={
      Object {
        "backgroundColor": "#555",
      }
    }
  />
</div>
`;

exports[`Snapshot test for Result color empty 1`] = `null`;
