// Jest Snapshot v1, https://goo.gl/fbAQLP

exports[`Snapshot test for Title 1`] = `
<h1
  className="MuiTypography-root MuiTypography-h4 MuiTypography-gutterBottom"
>
  Get main color from your image
</h1>
`;
